2025-11-20 16:02:01.742 [SEARCH] keyword=챌린지
2025-11-20 16:02:01.742 [SEARCH] keyword=챌린지
2025-11-20 16:02:45.390 [SEARCH] keyword=영양제
2025-11-20 16:02:45.390 [SEARCH] keyword=영양제 추천
2025-11-20 16:02:52.666 [SEARCH] keyword=매일
2025-11-20 16:03:04.758 [SEARCH] keyword=취침 챌린지
2025-11-20 16:04:06.462 [SEARCH] keyword=독서
2025-11-20 16:04:06.462 [SEARCH] keyword=독후감
2025-11-20 16:04:06.462 [SEARCH] keyword=독후감
2025-11-20 16:04:06.462 [SEARCH] keyword=독후감
2025-11-20 16:09:37.283 [SEARCH] keyword=독서
2025-11-20 16:09:37.283 [SEARCH] keyword=독서 기록장
2025-11-20 16:09:37.283 [SEARCH] keyword=독서 기록장
2025-11-20 15:23:18.993 [SEARCH] keyword=기상
2025-11-20 15:23:18.993 [SEARCH] keyword=기상 챌린지
2025-11-20 15:23:23.812 [SEARCH] keyword=영양제
2025-11-20 15:23:26.064 [SEARCH] keyword=영어
2025-11-20 15:23:26.064 [SEARCH] keyword=영어
2025-11-20 15:23:26.064 [SEARCH] keyword=영어 일기
2025-11-20 15:23:26.064 [SEARCH] keyword=영어 일기
2025-11-20 15:23:26.064 [SEARCH] keyword=영어 회화
2025-11-20 15:23:26.064 [SEARCH] keyword=영어 논문 읽기
2025-11-20 15:23:26.064 [SEARCH] keyword=영단어 외우기
2025-11-20 15:23:26.064 [SEARCH] keyword=영단어 외우기
2025-11-20 16:20:45.408 [SEARCH] keyword=독후감
2025-11-20 16:20:54.277 [SEARCH] keyword=영어
2025-11-20 16:20:55.151 [SEARCH] keyword=영어
2025-11-20 16:21:01.413 [SEARCH] keyword=영단어 외우기
2025-11-20 16:21:06.084 [SEARCH] keyword=기상
2025-11-20 16:21:06.978 [SEARCH] keyword=기상
